{
    "tests": [
        {
            "title": "should show next when button clicked",
            "line": null,
            "context": "test1",
            "status": "passed",
            "results": [
                {
                    "browser": "electron",
                    "status": "passed",
                    "retry": 0,
                    "duration": 472,
                    "failure_screenshots": null,
                    "errors": null
                },
                {
                    "browser": "firefox",
                    "status": "passed",
                    "retry": 0,
                    "duration": 440,
                    "failure_screenshots": null,
                    "errors": null
                }
            ]
        },
        {
            "title": "should have the correct title",
            "line": null,
            "context": "test1",
            "status": "failed",
            "results": [
                {
                    "browser": "electron",
                    "status": "failed",
                    "retry": 1,
                    "duration": 4209,
                    "failure_screenshots": [
                        "https://api.cykubed.com/artifacts/image0.png",
                        "https://api.cykubed.com/artifacts/image1.png"
                    ],
                    "errors": [
                        {
                            "message": "Timed out retrying after 4000ms: expected '<h1>' to contain text 'Fish', but the text was 'Dummy UI'",
                            "title": "AssertionError",
                            "type": null,
                            "test_line": 17,
                            "stack": "AssertionError: Timed out retrying after 4000ms: expected '<h1>' to contain text 'Fish', but the text was 'Dummy UI'\n    at shouldFail (webpack://dummyui/./cypress/e2e/helpers/helper.ts:6:15)\n    at Context.eval (webpack://dummyui/./cypress/e2e/stuff/test1.spec.ts:17:14)",
                            "code_frame": {
                                "file": "cypress/e2e/helpers/helper.ts",
                                "line": 6,
                                "column": 16,
                                "frame": "  4 | \n  5 | export function shouldFail() {\n> 6 |   cy.get('h1').should('contain.text', 'Fish');\n    |                ^\n  7 | }\n  8 | ",
                                "language": "ts"
                            },
                            "video": null
                        }
                    ]
                },
                {
                    "browser": "firefox",
                    "status": "failed",
                    "retry": 1,
                    "duration": 4340,
                    "failure_screenshots": [
                        "https://api.cykubed.com/artifacts/image2.png",
                        "https://api.cykubed.com/artifacts/image3.png"
                    ],
                    "errors": [
                        {
                            "message": "Timed out retrying after 4000ms: expected '<h1>' to contain text 'Fish', but the text was 'Dummy UI'",
                            "title": "AssertionError",
                            "type": null,
                            "test_line": 17,
                            "stack": "AssertionError: Timed out retrying after 4000ms: expected '<h1>' to contain text 'Fish', but the text was 'Dummy UI'\n    at shouldFail (webpack://dummyui/./cypress/e2e/helpers/helper.ts:6:15)\n    at  (webpack://dummyui/./cypress/e2e/stuff/test1.spec.ts:17:14)\n    at __webpack_modules__</setRunnable/runnable.fn (http://localhost:4200/__cypress/runner/cypress_runner.js:138533:43)\n    at callFn (http://localhost:4200/__cypress/runner/cypress_runner.js:157430:21)\n    at __webpack_modules__</Runnable.prototype.run (http://localhost:4200/__cypress/runner/cypress_runner.js:157417:13)\n    at __webpack_modules__</create/onRunnableRun (http://localhost:4200/__cypress/runner/cypress_runner.js:163341:30)\n    at finallyHandler (http://localhost:4200/__cypress/runner/cypress_runner.js:4072:23)\n    at tryCatcher (http://localhost:4200/__cypress/runner/cypress_runner.js:1807:23)\n    at __webpack_modules__</module.exports/Promise.prototype._settlePromiseFromHandler (http://localhost:4200/__cypress/runner/cypress_runner.js:1519:31)\n    at __webpack_modules__</module.exports/Promise.prototype._settlePromise (http://localhost:4200/__cypress/runner/cypress_runner.js:1576:18)\n    at __webpack_modules__</module.exports/Promise.prototype._settlePromise0 (http://localhost:4200/__cypress/runner/cypress_runner.js:1621:10)\n    at __webpack_modules__</module.exports/Promise.prototype._settlePromises (http://localhost:4200/__cypress/runner/cypress_runner.js:1701:18)\n    at _drainQueueStep (http://localhost:4200/__cypress/runner/cypress_runner.js:2407:12)\n    at _drainQueue (http://localhost:4200/__cypress/runner/cypress_runner.js:2400:24)\n    at __webpack_modules__</Async.prototype._drainQueues (http://localhost:4200/__cypress/runner/cypress_runner.js:2416:16)\n    at __webpack_modules__</Async/this.drainQueues (http://localhost:4200/__cypress/runner/cypress_runner.js:2286:14)",
                            "code_frame": {
                                "file": "cypress/e2e/helpers/helper.ts",
                                "line": 6,
                                "column": 16,
                                "frame": "  4 | \n  5 | export function shouldFail() {\n> 6 |   cy.get('h1').should('contain.text', 'Fish');\n    |                ^\n  7 | }\n  8 | ",
                                "language": "ts"
                            },
                            "video": null
                        }
                    ]
                }
            ]
        },
        {
            "title": "flakey test",
            "line": null,
            "context": "test1",
            "status": "flakey",
            "results": [
                {
                    "browser": "electron",
                    "status": "passed",
                    "retry": 0,
                    "duration": 172,
                    "failure_screenshots": null,
                    "errors": null
                },
                {
                    "browser": "firefox",
                    "status": "passed",
                    "retry": 1,
                    "duration": 227,
                    "failure_screenshots": [
                        "https://api.cykubed.com/artifacts/image4.png"
                    ],
                    "errors": null
                }
            ]
        }
    ],
    "video": null,
    "timeout": false
}
